[00:04:14] [Server thread/INFO]: TheSheep experienced kinetic energy
[00:04:18] [Server thread/INFO]: TheSheep issued server command: /back
[00:07:23] [Server thread/INFO]: Cuongsolid has reached the goal [Mob Kabob]
[00:17:12] [Server thread/INFO]: Cuongsolid issued server command: /tpa TheSheep
[00:17:12] [Server thread/WARN]: [simpletpa] ⚠️ Sound 'ENTITY_EXPERIENCE_ORB_PICKUP' not found! Using fallback: ENTITY_EXPERIENCE_ORB_PICKUP
[00:17:19] [Server thread/INFO]: TheSheep issued server command: /tpaccept
[00:30:43] [Server thread/INFO]: TheSheep fell from a high place
[00:30:46] [Server thread/INFO]: TheSheep issued server command: /back
[00:46:38] [Server thread/INFO]: nvhoangSkibidi lost connection: Disconnected
[00:46:39] [Server thread/INFO]: nvhoangSkibidi left the game
[00:47:56] [User Authenticator #11/INFO]: UUID of player nvhoangSkibidi is a78c187c-f6ac-3363-b05e-dc5e4eaeae8c
[00:47:57] [Server thread/INFO]: nvhoangSkibidi joined the game
[00:47:57] [Server thread/INFO]: nvhoangSkibidi[/113.178.22.121:54872] logged in with entity id 110558 at ([world]113.6192304355921, 63.0, 32.15312140141652)
[00:49:28] [Async Chat Thread - #1/INFO]: [Not Secure] <TheSheep> em hoang k vao dis af
[00:52:17] [Server thread/INFO]: nvhoangSkibidi experienced kinetic energy
[00:52:23] [Server thread/INFO]: nvhoangSkibidi issued server command: /back
[00:54:48] [Server thread/INFO]: nvhoangSkibidi lost connection: Disconnected
[00:54:48] [Server thread/INFO]: nvhoangSkibidi left the game
[01:08:45] [Server thread/INFO]: Cuongsolid issued server command: /tpa TheSheep
[01:08:45] [Server thread/WARN]: [simpletpa] ⚠️ Sound 'ENTITY_EXPERIENCE_ORB_PICKUP' not found! Using fallback: ENTITY_EXPERIENCE_ORB_PICKUP
[01:08:47] [Server thread/INFO]: TheSheep issued server command: /tpaccept
[01:26:44] [Server thread/INFO]: TheSheep fell from a high place
[01:27:02] [Server thread/INFO]: TheSheep issued server command: /back
[01:27:55] [Server thread/INFO]: TheSheep issued server command: /back
[01:28:45] [Server thread/INFO]: TheSheep was slain by Zombie
[01:28:49] [Server thread/INFO]: TheSheep issued server command: /back
[01:29:02] [Server thread/INFO]: TheSheep was slain by Zombie
[01:29:05] [Server thread/INFO]: TheSheep issued server command: /back
[01:30:27] [Server thread/INFO]: TheSheep was shot by Skeleton
[01:30:30] [Server thread/INFO]: TheSheep issued server command: /back
[01:31:47] [Server thread/INFO]: TheSheep was blown up by Creeper
[01:31:51] [Server thread/INFO]: TheSheep issued server command: /back
[01:37:08] [Server thread/INFO]: Named entity Salmon['Goldfish'/126372, uuid='03aa9d4b-bdfa-4a31-a911-1581f11f1377', l='ServerLevel[world]', x=1388.51, y=17.98, z=-340.45, cpos=[86, -22], tl=633, v=true] died: Goldfish was slain by Axolotl
[01:37:11] [Server thread/INFO]: Named entity Salmon['Goldfish'/126411, uuid='7435dc2a-6727-43c9-bf1d-3dc1d2bc3965', l='ServerLevel[world]', x=1389.46, y=16.78, z=-337.46, cpos=[86, -22], tl=598, v=true] died: Goldfish was slain by Axolotl
[01:51:18] [User Authenticator #12/INFO]: UUID of player MCScans is 741dd650-0e0e-3eee-9b33-20726b56e524
[01:51:19] [Server thread/INFO]: MCScans (/45.148.10.134:54846) lost connection: Disconnected
[02:09:46] [Server thread/INFO]: TheSheep issued server command: /tpa Cuongsolid1
[02:09:51] [Server thread/INFO]: TheSheep issued server command: /tpa Cuongsolid
[02:09:51] [Server thread/WARN]: [simpletpa] ⚠️ Sound 'ENTITY_EXPERIENCE_ORB_PICKUP' not found! Using fallback: ENTITY_EXPERIENCE_ORB_PICKUP
[02:10:08] [Server thread/INFO]: Cuongsolid issued server command: /tpaccept
[02:14:50] [Server thread/INFO]: Cuongsolid issued server command: /tpa TheSheep
[02:14:50] [Server thread/WARN]: [simpletpa] ⚠️ Sound 'ENTITY_EXPERIENCE_ORB_PICKUP' not found! Using fallback: ENTITY_EXPERIENCE_ORB_PICKUP
[02:14:56] [Server thread/INFO]: TheSheep issued server command: /tpaccept
[02:15:04] [Server thread/INFO]: TheSheep fell from a high place
[02:15:06] [Server thread/INFO]: TheSheep issued server command: /back
[02:28:24] [Server thread/INFO]: TheSheep was slain by Zombie
[02:28:31] [Server thread/INFO]: TheSheep issued server command: /back
[02:44:20] [Async Chat Thread - #2/INFO]: [Not Secure] <Cuongsolid> -1001 866
[02:46:42] [Server thread/INFO]: TheSheep issued server command: /tpa Cuongsolid
[02:46:42] [Server thread/WARN]: [simpletpa] ⚠️ Sound 'ENTITY_EXPERIENCE_ORB_PICKUP' not found! Using fallback: ENTITY_EXPERIENCE_ORB_PICKUP
[02:46:51] [Server thread/INFO]: Cuongsolid issued server command: /tpaccept
[03:07:03] [Server thread/INFO]: TheSheep fell from a high place
[03:07:08] [Server thread/INFO]: TheSheep issued server command: /back
[03:09:25] [Server thread/INFO]: TheSheep was slain by Zombie
[03:09:28] [Server thread/INFO]: TheSheep issued server command: /back
[03:11:42] [Server thread/INFO]: Cuongsolid issued server command: /tpa TheSheep
[03:11:42] [Server thread/WARN]: [simpletpa] ⚠️ Sound 'ENTITY_EXPERIENCE_ORB_PICKUP' not found! Using fallback: ENTITY_EXPERIENCE_ORB_PICKUP
[03:13:54] [Server thread/INFO]: TheSheep fell from a high place
[03:13:58] [Server thread/INFO]: TheSheep issued server command: /back
[03:28:22] [Server thread/INFO]: Cuongsolid issued server command: /tpa TheSheep
[03:28:22] [Server thread/WARN]: [simpletpa] ⚠️ Sound 'ENTITY_EXPERIENCE_ORB_PICKUP' not found! Using fallback: ENTITY_EXPERIENCE_ORB_PICKUP
[03:28:46] [Server thread/INFO]: TheSheep was slain by Zombie
[03:28:53] [Server thread/INFO]: TheSheep issued server command: /back
[03:29:51] [Server thread/INFO]: TheSheep issued server command: /tpaccept
[03:30:43] [Server thread/INFO]: Cuongsolid issued server command: /tpa TheSheep
[03:30:43] [Server thread/WARN]: [simpletpa] ⚠️ Sound 'ENTITY_EXPERIENCE_ORB_PICKUP' not found! Using fallback: ENTITY_EXPERIENCE_ORB_PICKUP
[03:30:44] [Server thread/INFO]: TheSheep issued server command: /tpaccept
[03:34:37] [Server thread/INFO]: TheSheep was slain by Zombie
[03:34:40] [Server thread/INFO]: TheSheep issued server command: /back
[03:36:32] [Folia Async Scheduler Thread #2/WARN]: [SkinsRestorer] Failed to get release info from api.github.com. 
 If this message is repeated a lot, please see https://skinsrestorer.net/firewall
[03:38:31] [Server thread/INFO]: Cuongsolid issued server command: /tpa TheSheep
[03:38:31] [Server thread/WARN]: [simpletpa] ⚠️ Sound 'ENTITY_EXPERIENCE_ORB_PICKUP' not found! Using fallback: ENTITY_EXPERIENCE_ORB_PICKUP
[03:38:34] [Server thread/INFO]: TheSheep issued server command: /tpaccept
[03:38:36] [Server thread/INFO]: Cuongsolid fell from a high place
[03:38:47] [Server thread/INFO]: Cuongsolid issued server command: /back
[03:39:43] [Server thread/INFO]: Cuongsolid issued server command: /tpa TheSheep
[03:39:43] [Server thread/WARN]: [simpletpa] ⚠️ Sound 'ENTITY_EXPERIENCE_ORB_PICKUP' not found! Using fallback: ENTITY_EXPERIENCE_ORB_PICKUP
[03:39:46] [Server thread/INFO]: TheSheep issued server command: /tpaccept
[03:42:05] [Folia Async Scheduler Thread #2/WARN]: [SkinsRestorer] Failed to get recommended skins: cool-skins.skinsrestorer.net
[03:48:12] [Server thread/INFO]: TheSheep fell from a high place
[03:48:15] [Server thread/INFO]: TheSheep issued server command: /back
[03:54:53] [Server thread/INFO]: Cuongsolid lost connection: Disconnected
[03:54:53] [Server thread/INFO]: Cuongsolid left the game
[04:02:46] [User Authenticator #13/INFO]: UUID of player Cuongsolid is c28aa462-49d1-3f9b-bedf-7cf3d84b83c2
[04:02:47] [Server thread/INFO]: Cuongsolid joined the game
[04:02:47] [Server thread/INFO]: Cuongsolid[/183.80.149.173:31538] logged in with entity id 173877 at ([world]85.5983558659147, 91.5, -92.82392338102808)
[04:05:04] [Server thread/INFO]: Cuongsolid issued server command: /tpa TheSheep
[04:05:04] [Server thread/WARN]: [simpletpa] ⚠️ Sound 'ENTITY_EXPERIENCE_ORB_PICKUP' not found! Using fallback: ENTITY_EXPERIENCE_ORB_PICKUP
[04:05:09] [Server thread/INFO]: TheSheep issued server command: /tpaccept
[04:08:42] [Server thread/INFO]: TheSheep issued server command: /back
[04:08:54] [Server thread/INFO]: TheSheep issued server command: /tpa Cuongsolid
[04:08:54] [Server thread/WARN]: [simpletpa] ⚠️ Sound 'ENTITY_EXPERIENCE_ORB_PICKUP' not found! Using fallback: ENTITY_EXPERIENCE_ORB_PICKUP
[04:08:58] [Server thread/INFO]: Cuongsolid issued server command: /tpaccept
[04:11:39] [Server thread/INFO]: TheSheep was shot by Skeleton
[04:11:53] [Server thread/INFO]: TheSheep issued server command: /back
[04:18:56] [Server thread/INFO]: TheSheep fell from a high place
[04:21:05] [Server thread/INFO]: TheSheep issued server command: /back
[04:45:42] [Server thread/INFO]: TheSheep issued server command: /tpa Cuongsolid
[04:45:42] [Server thread/WARN]: [simpletpa] ⚠️ Sound 'ENTITY_EXPERIENCE_ORB_PICKUP' not found! Using fallback: ENTITY_EXPERIENCE_ORB_PICKUP
[04:45:44] [Server thread/INFO]: Cuongsolid issued server command: /tpaccept
[04:47:06] [Server thread/INFO]: TheSheep fell from a high place
[05:03:12] [Server thread/INFO]: TheSheep issued server command: /tpa Cuongsolid
[05:03:12] [Server thread/WARN]: [simpletpa] ⚠️ Sound 'ENTITY_EXPERIENCE_ORB_PICKUP' not found! Using fallback: ENTITY_EXPERIENCE_ORB_PICKUP
[05:03:28] [Server thread/INFO]: Cuongsolid issued server command: /tpaccept
[05:19:37] [Server thread/INFO]: Cuongsolid was slain by TheSheep
[05:19:56] [Server thread/INFO]: Cuongsolid issued server command: /back
[05:37:32] [Folia Async Scheduler Thread #2/WARN]: [SkinsRestorer] Failed to get release info from api.github.com. 
 If this message is repeated a lot, please see https://skinsrestorer.net/firewall
[05:40:59] [Server thread/INFO]: TheSheep starved to death while fighting Silverfish
[05:41:04] [Server thread/INFO]: TheSheep issued server command: /back
[05:49:17] [Server thread/INFO]: Cuongsolid lost connection: Disconnected
[05:49:17] [Server thread/INFO]: Cuongsolid left the game
[06:14:02] [Server thread/INFO]: TheSheep lost connection: Disconnected
[06:14:02] [Server thread/INFO]: TheSheep left the game
[07:38:32] [Folia Async Scheduler Thread #2/WARN]: [SkinsRestorer] Failed to get release info from api.github.com. 
 If this message is repeated a lot, please see https://skinsrestorer.net/firewall
[08:34:00] [Server thread/INFO]: Unknown or incomplete command. See below for error
shutdow<--[HERE]
[08:34:03] [Server thread/INFO]: Stopping the server
[08:34:03] [Server thread/INFO]: Stopping server
[08:34:03] [Server thread/INFO]: [ImageFrame] Disabling ImageFrame v1.9.0.0
[08:34:03] [Server thread/INFO]: [ImageFrame] ImageFrame has been Disabled!
[08:34:03] [Server thread/INFO]: [InstantRestock] Disabling InstantRestock v2.6.1
[08:34:03] [Server thread/INFO]: [InstantRestock] Disabled InstantRestock!
[08:34:03] [Server thread/INFO]: [TreeFalls] Disabling TreeFalls v1.3.2
[08:34:03] [Server thread/INFO]: [Veinminer] Disabling Veinminer v2.5.3
[08:34:03] [Server thread/INFO]: [jufyer-aquatic-plugin] Disabling jufyer-aquatic-plugin v1.0.0-SNAPSHOT
[08:34:03] [Server thread/INFO]: [simpletpa] Disabling simpletpa v1.5.2
[08:34:03] [Server thread/INFO]: ====================================
[08:34:03] [Server thread/INFO]:            PLUGIN STOPPED
[08:34:03] [Server thread/INFO]:            Plugin: SimpleTPA
[08:34:03] [Server thread/INFO]:            Version: 1.5.2
[08:34:03] [Server thread/INFO]:            Author: Vexo5566
[08:34:03] [Server thread/INFO]: ====================================
[08:34:03] [Server thread/INFO]: [Chunky] Disabling Chunky v1.4.40
[08:34:03] [Server thread/INFO]: [SkinsRestorer] Disabling SkinsRestorer v15.11.0
[08:34:03] [Server thread/INFO]: [InstaRestock] Disabling InstaRestock v1.0.0
[08:34:03] [Server thread/INFO]: [InstaRestock] InstaRestock disabled.
[08:34:03] [Server thread/INFO]: [Back] Disabling Back v1.0.0
[08:34:03] [Server thread/INFO]: Saving players
[08:34:03] [Server thread/INFO]: Saving worlds
[08:34:03] [Server thread/INFO]: Saving chunks for level 'ServerLevel[world]'/minecraft:overworld
[08:34:03] [Server thread/INFO]: [ChunkHolderManager] Waiting 60s for chunk system to halt for world 'world'
[08:34:03] [Server thread/INFO]: [ChunkHolderManager] Halted chunk system for world 'world'
[08:34:03] [Server thread/INFO]: [ChunkHolderManager] Saving all chunkholders for world 'world'
[08:34:03] [Server thread/INFO]: [ChunkHolderManager] Saved 0 block chunks, 0 entity chunks, 0 poi chunks in world 'world' in 0.01s
[08:34:03] [Server thread/INFO]: [ChunkHolderManager] Waiting 60s for chunk I/O to halt for world 'world'
[08:34:03] [Server thread/INFO]: [ChunkHolderManager] Halted I/O scheduler for world 'world'
[08:34:03] [Server thread/INFO]: Saving chunks for level 'ServerLevel[world_nether]'/minecraft:the_nether
[08:34:03] [Server thread/INFO]: [ChunkHolderManager] Waiting 60s for chunk system to halt for world 'world_nether'
[08:34:03] [Server thread/INFO]: [ChunkHolderManager] Halted chunk system for world 'world_nether'
[08:34:03] [Server thread/INFO]: [ChunkHolderManager] Saving all chunkholders for world 'world_nether'
[08:34:03] [Server thread/INFO]: [ChunkHolderManager] Saved 0 block chunks, 0 entity chunks, 0 poi chunks in world 'world_nether' in 0.00s
[08:34:03] [Server thread/INFO]: [ChunkHolderManager] Waiting 60s for chunk I/O to halt for world 'world_nether'
[08:34:03] [Server thread/INFO]: [ChunkHolderManager] Halted I/O scheduler for world 'world_nether'
[08:34:03] [Server thread/INFO]: Saving chunks for level 'ServerLevel[world_the_end]'/minecraft:the_end
[08:34:03] [Server thread/INFO]: [ChunkHolderManager] Waiting 60s for chunk system to halt for world 'world_the_end'
[08:34:03] [Server thread/INFO]: [ChunkHolderManager] Halted chunk system for world 'world_the_end'
[08:34:03] [Server thread/INFO]: [ChunkHolderManager] Saving all chunkholders for world 'world_the_end'
[08:34:03] [Server thread/INFO]: [ChunkHolderManager] Saved 0 block chunks, 0 entity chunks, 0 poi chunks in world 'world_the_end' in 0.00s
[08:34:03] [Server thread/INFO]: [ChunkHolderManager] Waiting 60s for chunk I/O to halt for world 'world_the_end'
[08:34:03] [Server thread/INFO]: [ChunkHolderManager] Halted I/O scheduler for world 'world_the_end'
[08:34:03] [Server thread/INFO]: ThreadedAnvilChunkStorage (world): All chunks are saved
[08:34:03] [Server thread/INFO]: ThreadedAnvilChunkStorage (DIM-1): All chunks are saved
[08:34:03] [Server thread/INFO]: ThreadedAnvilChunkStorage (DIM1): All chunks are saved
[08:34:03] [Server thread/INFO]: ThreadedAnvilChunkStorage: All dimensions are saved
[08:34:03] [Server thread/INFO]: Waiting for all RegionFile I/O tasks to complete...
[08:34:03] [Server thread/INFO]: All RegionFile I/O tasks to complete
[08:34:03] [Server thread/INFO]: [MoonriseCommon] Awaiting termination of worker pool for up to 60s...
[08:34:03] [Server thread/INFO]: [MoonriseCommon] Awaiting termination of I/O pool for up to 60s...
